<html>
<body>
<pre>
<h1>µVision Build Log</h1>
<h2>Tool Versions:</h2>
IDE-Version: ¦ÌVision V5.13.0.0
Copyright (C) 2014 ARM Ltd and ARM Germany GmbH. All rights reserved.
License Information: 1 CLOVER, 11, LIC=TIVDY-ILC8F-ADCKK-ZRG80-LX2R4-94USH
 
Tool Versions:
Toolchain:       MDK-ARM Standard  Version: 5.13.0.0
Toolchain Path:  D:\MDK\ARM\ARMCC\Bin
C Compiler:      Armcc.exe V5.05 update 1 (build 106)
Assembler:       Armasm.exe V5.05 update 1 (build 106)
Linker/Locator:  ArmLink.exe V5.05 update 1 (build 106)
Library Manager: ArmAr.exe V5.05 update 1 (build 106)
Hex Converter:   FromElf.exe V5.05 update 1 (build 106)
CPU DLL:         SARMCM3.DLL V5.13.0.0
Dialog DLL:      DARMSTM.DLL V1.65.0.0
Target DLL:      UL2CM3.DLL V1.154.12.0
Dialog DLL:      TARMSTM.DLL V1.64.0.0
 
<h2>Project:</h2>
C:\Users\CLOVER\Desktop\TemperatureGun_Pro\HAL°æ±¾\src\STM32_TempGun_V1\Project\STM32_TempGun_Pro.uvprojx
Project File Date:  02/28/2020

<h2>Output:</h2>
Build target 'STM32_TempGun_Pro'
compiling Oled_Driver.c...
compiling MLX90614_Driver.C...
linking...
Program Size: Code=15960 RO-data=2364 RW-data=1056 ZI-data=1280  
FromELF: creating hex file...
".\Objects\STM32_TempGun_Pro.axf" - 0 Error(s), 0 Warning(s).

<h2>Collection of Component include folders:</h2>
  C:\Users\CLOVER\Desktop\TemperatureGun_Pro\HAL°æ±¾\src\STM32_TempGun_V1\Project\RTE
  D:\MDK\ARM\PACK\Keil\STM32F1xx_DFP\2.1.0

<h2>Collection of Component Files used:</h2>
</pre>
</body>
</html>
