<html>
<body>
<pre>
<h1>µVision Build Log</h1>
<h2>Tool Versions:</h2>
IDE-Version: ¦ÌVision V5.14.0.0
Copyright (C) 2015 ARM Ltd and ARM Germany GmbH. All rights reserved.
License Information: 2 Barlader, 2, LIC=ZB4EI-T2GC0-9UK4U-SH8MZ-8DHAZ-P5KWP
 
Tool Versions:
Toolchain:       MDK-ARM Standard  Version: 5.14.0.0
Toolchain Path:  E:\Keil_v5\ARM\ARMCC\Bin
C Compiler:      Armcc.exe V5.05 update 1 (build 106)
Assembler:       Armasm.exe V5.05 update 1 (build 106)
Linker/Locator:  ArmLink.exe V5.05 update 1 (build 106)
Library Manager: ArmAr.exe V5.05 update 1 (build 106)
Hex Converter:   FromElf.exe V5.05 update 1 (build 106)
CPU DLL:         SARMCM3.DLL V5.14.0.0
Dialog DLL:      DARMSTM.DLL V1.65.0.0
Target DLL:      STLink\ST-LINKIII-KEIL_SWO.dll V2.0.14.0_KEIL
Dialog DLL:      TARMSTM.DLL V1.64.0.0
 
<h2>Project:</h2>
F:\git-depot\TemperatureMeasuringGun\Project\STM32_TempGun_Pro.uvprojx
Project File Date:  04/11/2020

<h2>Output:</h2>
Build target 'STM32_TempGun_Pro'
compiling Voltage_Driver.c...
..\User\Src\Voltage_Driver.c(16): warning:  #550-D: variable "tErrCode" was set but never used
        HAL_StatusTypeDef  tErrCode;
..\User\Src\Voltage_Driver.c(52): warning:  #177-D: function "DMA_ADC_TransferCplt" was declared but never referenced
  static void DMA_ADC_TransferCplt(DMA_HandleTypeDef * _hdma)
..\User\Src\Voltage_Driver.c(126): warning:  #177-D: function "Voltage_ADC_NVIC_Config" was declared but never referenced
  static void Voltage_ADC_NVIC_Config(void)
..\User\Src\Voltage_Driver.c: 3 warnings, 0 errors
linking...
Program Size: Code=17952 RO-data=2364 RW-data=1060 ZI-data=1380  
FromELF: creating hex file...
".\Objects\STM32_TempGun_Pro.axf" - 0 Error(s), 3 Warning(s).

<h2>Collection of Component include folders:</h2>
  F:\git-depot\TemperatureMeasuringGun\Project\RTE
  E:\Keil_v5\ARM\PACK\Keil\STM32F1xx_DFP\1.0.5\Device\Include

<h2>Collection of Component Files used:</h2>
</pre>
</body>
</html>
